
> my-next-deno-app@0.1.0 build
> next build

   Γû▓ Next.js 15.5.9
   - Environments: .env.local, .env

   Creating an optimized production build ...
node.exe : Failed to 
compile.
At C:\Program 
Files\nodejs\npm.ps1:29 
char:3
+   & $NODE_EXE 
$NPM_CLI_JS $args
+   ~~~~~~~~~~~~~~~~~~~~~~
~~~~~~~
    + CategoryInfo        
      : NotSpecified: (F  
  ailed to compile.:Str   
 ing) [], RemoteExcept    
ion
    + FullyQualifiedError 
   Id : NativeCommandErr  
  or
 

./node_modules/pdfjs-dist/
build/pdf.js
Module not found: Can't 
resolve 'canvas'

https://nextjs.org/docs/me
ssages/module-not-found

Import trace for 
requested module:
./components/AIStudio.tsx
./app/page.tsx


> Build failed because of 
webpack errors
